
━━━  1 · API tests (live)  ━━━
  ✗ Login failed
  ✗ GET /auth/me → 000
  ✗ GET /audit not valid JSON
  ✓ Audit entries have .action ()
  ✗ Audit filter returned 0
  ✗ GET /documents → 000
  ✗ GET /ledger → 000
  ✗ Auth guard missing → 000

━━━  2 · Backend type check  ━━━
  ✓ tsc --noEmit passed (api)

━━━  3 · Frontend lint + type check  ━━━
app/audit-log/page.tsx(191,107): error TS2339: Property 'user' does not exist on type 'AuditEntry'.
app/audit-log/page.tsx(192,30): error TS2339: Property 'user' does not exist on type 'AuditEntry'.
app/audit-log/page.tsx(194,73): error TS2339: Property 'user' does not exist on type 'AuditEntry'.
  ✗ TypeScript errors in web
Invalid project directory provided, no such directory: /Users/harshiniramasamy/rapid-ledger/apps/web/lint
  ✗ ESLint errors
  [90m193 |[0m ...
  [90m194 |[0m ...[32m-600"[0m>{e.user?.name ?? [32m"Unknown"[0m}</span>
Next.js build worker exited with code: 1 and signal: null
  ✗ Build failed

━━━  4 · E2E — Playwright  ━━━
[1A[2K[2m[WebServer] [22m[33m[1m⚠[22m[39m turbopack.root should be absolute, using: /Users/harshiniramasamy/rapid-ledger

[1A[2K[2m[WebServer] [22m[33m[1m⚠[22m[39m The "middleware" file convention is deprecated. Please use "proxy" instead. Learn more: https://nextjs.org/docs/messages/middleware-to-proxy

Error: Timed out waiting 60000ms from config.webServer.

[1A[2K  ✗ Playwright failures

━━━  RESULT  ━━━
  Passed : 2
  Failed : 11
  STATUS : 11 FAILED
